// Jest Snapshot v1, https://goo.gl/fbAQLP

exports[`Search component Search snapshot 1`] = `undefined`;
